2026-08-05 12:45:26.431: [INFO] CurrentProfilePath: D:\Projects\TMSL\spring\Project for sure\.metadata\.plugins\org.eclipse.swt\EBWebView\Default
2026-08-05 12:45:26.431: [INFO] Profiles total count: 1
2026-08-05 12:45:26.431: [INFO] Profile: name=Profile 1 path=D:\Projects\TMSL\spring\Project for sure\.metadata\.plugins\org.eclipse.swt\EBWebView\Default lastActive=null
2026-08-05 12:45:26.431: [INFO] LastUsedProfileDir: D:\Projects\TMSL\spring\Project for sure\.metadata\.plugins\org.eclipse.swt\EBWebView\Default
2026-08-05 12:45:26.431: [INFO] OnDoneLoading sync enabled: 0
2026-08-05 12:45:26.431: [INFO] BookmarkModelLoaded, ids_reassigned: 0
2026-08-05 12:45:26.431: [INFO] BookmarksLoadDropped droppedNodes=0
2026-08-05 12:45:26.431: [INFO] BookmarksSnapshot Startup total=0 bar=0 other=0 mobile=0 showBar=0 showBarNTP=1
2026-08-05 13:40:57.603: [INFO] BookmarksSnapshot Shutdown total=0 bar=0 other=0 mobile=0 showBar=0 showBarNTP=1
2026-08-05 13:57:15.879: [INFO] CurrentProfilePath: D:\Projects\TMSL\spring\Project for sure\.metadata\.plugins\org.eclipse.swt\EBWebView\Default
2026-08-05 13:57:15.879: [INFO] Profiles total count: 1
2026-08-05 13:57:15.879: [INFO] Profile: name=Profile 1 path=D:\Projects\TMSL\spring\Project for sure\.metadata\.plugins\org.eclipse.swt\EBWebView\Default lastActive=null
2026-08-05 13:57:15.879: [INFO] LastUsedProfileDir: D:\Projects\TMSL\spring\Project for sure\.metadata\.plugins\org.eclipse.swt\EBWebView\Default
2026-08-05 13:57:15.879: [INFO] OnDoneLoading sync enabled: 0
2026-08-05 13:57:15.879: [INFO] BookmarkModelLoaded, ids_reassigned: 0
2026-08-05 13:57:15.879: [INFO] BookmarksLoadDropped droppedNodes=0
2026-08-05 13:57:15.879: [INFO] BookmarksSnapshot Startup total=0 bar=0 other=0 mobile=0 showBar=0 showBarNTP=1
2026-08-05 14:22:01.467: [INFO] BookmarksSnapshot Shutdown total=0 bar=0 other=0 mobile=0 showBar=0 showBarNTP=1
2026-08-05 14:22:57.314: [INFO] CurrentProfilePath: D:\Projects\TMSL\spring\Project for sure\.metadata\.plugins\org.eclipse.swt\EBWebView\Default
2026-08-05 14:22:57.314: [INFO] Profiles total count: 1
2026-08-05 14:22:57.314: [INFO] Profile: name=Profile 1 path=D:\Projects\TMSL\spring\Project for sure\.metadata\.plugins\org.eclipse.swt\EBWebView\Default lastActive=null
2026-08-05 14:22:57.314: [INFO] LastUsedProfileDir: D:\Projects\TMSL\spring\Project for sure\.metadata\.plugins\org.eclipse.swt\EBWebView\Default
2026-08-05 14:22:57.314: [INFO] OnDoneLoading sync enabled: 0
2026-08-05 14:22:57.314: [INFO] BookmarkModelLoaded, ids_reassigned: 0
2026-08-05 14:22:57.314: [INFO] BookmarksLoadDropped droppedNodes=0
2026-08-05 14:22:57.314: [INFO] BookmarksSnapshot Startup total=0 bar=0 other=0 mobile=0 showBar=0 showBarNTP=1
2026-08-05 15:05:10.294: [INFO] BookmarksSnapshot Shutdown total=0 bar=0 other=0 mobile=0 showBar=0 showBarNTP=1
2026-08-05 15:05:14.755: [INFO] CurrentProfilePath: D:\Projects\TMSL\spring\Project for sure\.metadata\.plugins\org.eclipse.swt\EBWebView\Default
2026-08-05 15:05:14.755: [INFO] Profiles total count: 1
2026-08-05 15:05:14.755: [INFO] Profile: name=Profile 1 path=D:\Projects\TMSL\spring\Project for sure\.metadata\.plugins\org.eclipse.swt\EBWebView\Default lastActive=null
2026-08-05 15:05:14.755: [INFO] LastUsedProfileDir: D:\Projects\TMSL\spring\Project for sure\.metadata\.plugins\org.eclipse.swt\EBWebView\Default
2026-08-05 15:05:14.755: [INFO] OnDoneLoading sync enabled: 0
2026-08-05 15:05:14.755: [INFO] BookmarkModelLoaded, ids_reassigned: 0
2026-08-05 15:05:14.755: [INFO] BookmarksLoadDropped droppedNodes=0
2026-08-05 15:05:14.755: [INFO] BookmarksSnapshot Startup total=0 bar=0 other=0 mobile=0 showBar=0 showBarNTP=1
2026-08-05 15:09:41.835: [INFO] BookmarksSnapshot Shutdown total=0 bar=0 other=0 mobile=0 showBar=0 showBarNTP=1
2026-08-05 15:23:40.098: [INFO] CurrentProfilePath: D:\Projects\TMSL\spring\Project for sure\.metadata\.plugins\org.eclipse.swt\EBWebView\Default
2026-08-05 15:23:40.098: [INFO] Profiles total count: 1
2026-08-05 15:23:40.099: [INFO] Profile: name=Profile 1 path=D:\Projects\TMSL\spring\Project for sure\.metadata\.plugins\org.eclipse.swt\EBWebView\Default lastActive=null
2026-08-05 15:23:40.099: [INFO] LastUsedProfileDir: D:\Projects\TMSL\spring\Project for sure\.metadata\.plugins\org.eclipse.swt\EBWebView\Default
2026-08-05 15:23:40.099: [INFO] OnDoneLoading sync enabled: 0
2026-08-05 15:23:40.099: [INFO] BookmarkModelLoaded, ids_reassigned: 0
2026-08-05 15:23:40.099: [INFO] BookmarksLoadDropped droppedNodes=0
2026-08-05 15:23:40.099: [INFO] BookmarksSnapshot Startup total=0 bar=0 other=0 mobile=0 showBar=0 showBarNTP=1
2026-08-05 15:34:05.114: [INFO] BookmarksSnapshot Shutdown total=0 bar=0 other=0 mobile=0 showBar=0 showBarNTP=1
2026-08-05 15:34:32.245: [INFO] CurrentProfilePath: D:\Projects\TMSL\spring\Project for sure\.metadata\.plugins\org.eclipse.swt\EBWebView\Default
2026-08-05 15:34:32.245: [INFO] Profiles total count: 1
2026-08-05 15:34:32.245: [INFO] Profile: name=Profile 1 path=D:\Projects\TMSL\spring\Project for sure\.metadata\.plugins\org.eclipse.swt\EBWebView\Default lastActive=2026-08-05T15:30:23.224Z
2026-08-05 15:34:32.245: [INFO] LastUsedProfileDir: D:\Projects\TMSL\spring\Project for sure\.metadata\.plugins\org.eclipse.swt\EBWebView\Default
2026-08-05 15:34:32.246: [INFO] MostRecentlyActiveProfile: name=Profile 1 path=D:\Projects\TMSL\spring\Project for sure\.metadata\.plugins\org.eclipse.swt\EBWebView\Default lastActive=2026-08-05T15:30:23.224Z
2026-08-05 15:34:32.246: [INFO] OnDoneLoading sync enabled: 0
2026-08-05 15:34:32.246: [INFO] BookmarkModelLoaded, ids_reassigned: 0
2026-08-05 15:34:32.246: [INFO] BookmarksLoadDropped droppedNodes=0
2026-08-05 15:34:32.246: [INFO] BookmarksSnapshot Startup total=0 bar=0 other=0 mobile=0 showBar=0 showBarNTP=1
2026-08-05 15:35:53.445: [INFO] BookmarksSnapshot Shutdown total=0 bar=0 other=0 mobile=0 showBar=0 showBarNTP=1
2026-08-05 15:38:07.705: [INFO] CurrentProfilePath: D:\Projects\TMSL\spring\Project for sure\.metadata\.plugins\org.eclipse.swt\EBWebView\Default
2026-08-05 15:38:07.705: [INFO] Profiles total count: 1
2026-08-05 15:38:07.706: [INFO] Profile: name=Profile 1 path=D:\Projects\TMSL\spring\Project for sure\.metadata\.plugins\org.eclipse.swt\EBWebView\Default lastActive=2026-08-05T15:30:23.224Z
2026-08-05 15:38:07.706: [INFO] LastUsedProfileDir: D:\Projects\TMSL\spring\Project for sure\.metadata\.plugins\org.eclipse.swt\EBWebView\Default
2026-08-05 15:38:07.706: [INFO] MostRecentlyActiveProfile: name=Profile 1 path=D:\Projects\TMSL\spring\Project for sure\.metadata\.plugins\org.eclipse.swt\EBWebView\Default lastActive=2026-08-05T15:30:23.224Z
2026-08-05 15:38:07.706: [INFO] OnDoneLoading sync enabled: 0
2026-08-05 15:38:07.706: [INFO] BookmarkModelLoaded, ids_reassigned: 0
2026-08-05 15:38:07.706: [INFO] BookmarksLoadDropped droppedNodes=0
2026-08-05 15:38:07.706: [INFO] BookmarksSnapshot Startup total=0 bar=0 other=0 mobile=0 showBar=0 showBarNTP=1
2026-08-05 15:56:59.098: [INFO] BookmarksSnapshot Shutdown total=0 bar=0 other=0 mobile=0 showBar=0 showBarNTP=1
2026-08-06 07:28:43.028: [INFO] CurrentProfilePath: D:\Projects\TMSL\spring\Project for sure\.metadata\.plugins\org.eclipse.swt\EBWebView\Default
2026-08-06 07:28:43.028: [INFO] Profiles total count: 1
2026-08-06 07:28:43.028: [INFO] Profile: name=Profile 1 path=D:\Projects\TMSL\spring\Project for sure\.metadata\.plugins\org.eclipse.swt\EBWebView\Default lastActive=2026-08-05T15:30:23.224Z
2026-08-06 07:28:43.028: [INFO] LastUsedProfileDir: D:\Projects\TMSL\spring\Project for sure\.metadata\.plugins\org.eclipse.swt\EBWebView\Default
2026-08-06 07:28:43.028: [INFO] MostRecentlyActiveProfile: name=Profile 1 path=D:\Projects\TMSL\spring\Project for sure\.metadata\.plugins\org.eclipse.swt\EBWebView\Default lastActive=2026-08-05T15:30:23.224Z
2026-08-06 07:28:43.028: [INFO] OnDoneLoading sync enabled: 0
2026-08-06 07:28:43.028: [INFO] BookmarkModelLoaded, ids_reassigned: 0
2026-08-06 07:28:43.028: [INFO] BookmarksLoadDropped droppedNodes=0
2026-08-06 07:28:43.028: [INFO] BookmarksSnapshot Startup total=0 bar=0 other=0 mobile=0 showBar=0 showBarNTP=1
2026-08-06 08:58:47.968: [INFO] BookmarksSnapshot Shutdown total=0 bar=0 other=0 mobile=0 showBar=0 showBarNTP=1
2026-08-06 09:09:52.218: [INFO] CurrentProfilePath: D:\Projects\TMSL\spring\Project for sure\.metadata\.plugins\org.eclipse.swt\EBWebView\Default
2026-08-06 09:09:52.218: [INFO] Profiles total count: 1
2026-08-06 09:09:52.218: [INFO] Profile: name=Profile 1 path=D:\Projects\TMSL\spring\Project for sure\.metadata\.plugins\org.eclipse.swt\EBWebView\Default lastActive=2026-08-05T15:30:23.224Z
2026-08-06 09:09:52.218: [INFO] LastUsedProfileDir: D:\Projects\TMSL\spring\Project for sure\.metadata\.plugins\org.eclipse.swt\EBWebView\Default
2026-08-06 09:09:52.219: [INFO] MostRecentlyActiveProfile: name=Profile 1 path=D:\Projects\TMSL\spring\Project for sure\.metadata\.plugins\org.eclipse.swt\EBWebView\Default lastActive=2026-08-05T15:30:23.224Z
2026-08-06 09:09:52.219: [INFO] OnDoneLoading sync enabled: 0
2026-08-06 09:09:52.219: [INFO] BookmarkModelLoaded, ids_reassigned: 0
2026-08-06 09:09:52.219: [INFO] BookmarksLoadDropped droppedNodes=0
2026-08-06 09:09:52.219: [INFO] BookmarksSnapshot Startup total=0 bar=0 other=0 mobile=0 showBar=0 showBarNTP=1
2026-08-06 10:02:26.070: [INFO] BookmarksSnapshot Shutdown total=0 bar=0 other=0 mobile=0 showBar=0 showBarNTP=1
2026-08-06 10:02:31.936: [INFO] CurrentProfilePath: D:\Projects\TMSL\spring\Project for sure\.metadata\.plugins\org.eclipse.swt\EBWebView\Default
2026-08-06 10:02:31.936: [INFO] Profiles total count: 1
2026-08-06 10:02:31.936: [INFO] Profile: name=Profile 1 path=D:\Projects\TMSL\spring\Project for sure\.metadata\.plugins\org.eclipse.swt\EBWebView\Default lastActive=2026-08-05T15:30:23.224Z
2026-08-06 10:02:31.936: [INFO] LastUsedProfileDir: D:\Projects\TMSL\spring\Project for sure\.metadata\.plugins\org.eclipse.swt\EBWebView\Default
2026-08-06 10:02:31.936: [INFO] MostRecentlyActiveProfile: name=Profile 1 path=D:\Projects\TMSL\spring\Project for sure\.metadata\.plugins\org.eclipse.swt\EBWebView\Default lastActive=2026-08-05T15:30:23.224Z
2026-08-06 10:02:31.936: [INFO] OnDoneLoading sync enabled: 0
2026-08-06 10:02:31.936: [INFO] BookmarkModelLoaded, ids_reassigned: 0
2026-08-06 10:02:31.936: [INFO] BookmarksLoadDropped droppedNodes=0
2026-08-06 10:02:31.936: [INFO] BookmarksSnapshot Startup total=0 bar=0 other=0 mobile=0 showBar=0 showBarNTP=1
2026-08-06 10:03:47.089: [INFO] BookmarksSnapshot Shutdown total=0 bar=0 other=0 mobile=0 showBar=0 showBarNTP=1
2026-08-06 10:04:40.945: [INFO] CurrentProfilePath: D:\Projects\TMSL\spring\Project for sure\.metadata\.plugins\org.eclipse.swt\EBWebView\Default
2026-08-06 10:04:40.945: [INFO] Profiles total count: 1
2026-08-06 10:04:40.945: [INFO] Profile: name=Profile 1 path=D:\Projects\TMSL\spring\Project for sure\.metadata\.plugins\org.eclipse.swt\EBWebView\Default lastActive=2026-08-05T15:30:23.224Z
2026-08-06 10:04:40.945: [INFO] LastUsedProfileDir: D:\Projects\TMSL\spring\Project for sure\.metadata\.plugins\org.eclipse.swt\EBWebView\Default
2026-08-06 10:04:40.945: [INFO] MostRecentlyActiveProfile: name=Profile 1 path=D:\Projects\TMSL\spring\Project for sure\.metadata\.plugins\org.eclipse.swt\EBWebView\Default lastActive=2026-08-05T15:30:23.224Z
2026-08-06 10:04:40.945: [INFO] OnDoneLoading sync enabled: 0
2026-08-06 10:04:40.945: [INFO] BookmarkModelLoaded, ids_reassigned: 0
2026-08-06 10:04:40.945: [INFO] BookmarksLoadDropped droppedNodes=0
2026-08-06 10:04:40.945: [INFO] BookmarksSnapshot Startup total=0 bar=0 other=0 mobile=0 showBar=0 showBarNTP=1
2026-08-06 10:04:46.377: [INFO] BookmarksSnapshot Shutdown total=0 bar=0 other=0 mobile=0 showBar=0 showBarNTP=1
2026-08-06 10:06:05.129: [INFO] CurrentProfilePath: D:\Projects\TMSL\spring\Project for sure\.metadata\.plugins\org.eclipse.swt\EBWebView\Default
2026-08-06 10:06:05.129: [INFO] Profiles total count: 1
2026-08-06 10:06:05.130: [INFO] Profile: name=Profile 1 path=D:\Projects\TMSL\spring\Project for sure\.metadata\.plugins\org.eclipse.swt\EBWebView\Default lastActive=2026-08-05T15:30:23.224Z
2026-08-06 10:06:05.130: [INFO] LastUsedProfileDir: D:\Projects\TMSL\spring\Project for sure\.metadata\.plugins\org.eclipse.swt\EBWebView\Default
2026-08-06 10:06:05.130: [INFO] MostRecentlyActiveProfile: name=Profile 1 path=D:\Projects\TMSL\spring\Project for sure\.metadata\.plugins\org.eclipse.swt\EBWebView\Default lastActive=2026-08-05T15:30:23.224Z
2026-08-06 10:06:05.130: [INFO] OnDoneLoading sync enabled: 0
2026-08-06 10:06:05.130: [INFO] BookmarkModelLoaded, ids_reassigned: 0
2026-08-06 10:06:05.130: [INFO] BookmarksLoadDropped droppedNodes=0
2026-08-06 10:06:05.130: [INFO] BookmarksSnapshot Startup total=0 bar=0 other=0 mobile=0 showBar=0 showBarNTP=1
2026-08-06 10:12:44.565: [INFO] BookmarksSnapshot Shutdown total=0 bar=0 other=0 mobile=0 showBar=0 showBarNTP=1
2026-08-06 10:15:09.749: [INFO] CurrentProfilePath: D:\Projects\TMSL\spring\Project for sure\.metadata\.plugins\org.eclipse.swt\EBWebView\Default
2026-08-06 10:15:09.749: [INFO] Profiles total count: 1
2026-08-06 10:15:09.750: [INFO] Profile: name=Profile 1 path=D:\Projects\TMSL\spring\Project for sure\.metadata\.plugins\org.eclipse.swt\EBWebView\Default lastActive=2026-08-05T15:30:23.224Z
2026-08-06 10:15:09.750: [INFO] LastUsedProfileDir: D:\Projects\TMSL\spring\Project for sure\.metadata\.plugins\org.eclipse.swt\EBWebView\Default
2026-08-06 10:15:09.750: [INFO] MostRecentlyActiveProfile: name=Profile 1 path=D:\Projects\TMSL\spring\Project for sure\.metadata\.plugins\org.eclipse.swt\EBWebView\Default lastActive=2026-08-05T15:30:23.224Z
2026-08-06 10:15:09.750: [INFO] OnDoneLoading sync enabled: 0
2026-08-06 10:15:09.750: [INFO] BookmarkModelLoaded, ids_reassigned: 0
2026-08-06 10:15:09.750: [INFO] BookmarksLoadDropped droppedNodes=0
2026-08-06 10:15:09.750: [INFO] BookmarksSnapshot Startup total=0 bar=0 other=0 mobile=0 showBar=0 showBarNTP=1
2026-08-06 10:17:14.662: [INFO] BookmarksSnapshot Shutdown total=0 bar=0 other=0 mobile=0 showBar=0 showBarNTP=1
2026-08-06 10:24:47.634: [INFO] CurrentProfilePath: D:\Projects\TMSL\spring\Project for sure\.metadata\.plugins\org.eclipse.swt\EBWebView\Default
2026-08-06 10:24:47.634: [INFO] Profiles total count: 1
2026-08-06 10:24:47.635: [INFO] Profile: name=Profile 1 path=D:\Projects\TMSL\spring\Project for sure\.metadata\.plugins\org.eclipse.swt\EBWebView\Default lastActive=2026-08-05T15:30:23.224Z
2026-08-06 10:24:47.635: [INFO] LastUsedProfileDir: D:\Projects\TMSL\spring\Project for sure\.metadata\.plugins\org.eclipse.swt\EBWebView\Default
2026-08-06 10:24:47.635: [INFO] MostRecentlyActiveProfile: name=Profile 1 path=D:\Projects\TMSL\spring\Project for sure\.metadata\.plugins\org.eclipse.swt\EBWebView\Default lastActive=2026-08-05T15:30:23.224Z
2026-08-06 10:24:47.635: [INFO] OnDoneLoading sync enabled: 0
2026-08-06 10:24:47.635: [INFO] BookmarkModelLoaded, ids_reassigned: 0
2026-08-06 10:24:47.635: [INFO] BookmarksLoadDropped droppedNodes=0
2026-08-06 10:24:47.635: [INFO] BookmarksSnapshot Startup total=0 bar=0 other=0 mobile=0 showBar=0 showBarNTP=1
2026-08-06 11:06:33.125: [INFO] BookmarksSnapshot Shutdown total=0 bar=0 other=0 mobile=0 showBar=0 showBarNTP=1
2026-08-06 11:07:46.670: [INFO] CurrentProfilePath: D:\Projects\TMSL\spring\Project for sure\.metadata\.plugins\org.eclipse.swt\EBWebView\Default
2026-08-06 11:07:46.670: [INFO] Profiles total count: 1
2026-08-06 11:07:46.670: [INFO] Profile: name=Profile 1 path=D:\Projects\TMSL\spring\Project for sure\.metadata\.plugins\org.eclipse.swt\EBWebView\Default lastActive=2026-08-05T15:30:23.224Z
2026-08-06 11:07:46.670: [INFO] LastUsedProfileDir: D:\Projects\TMSL\spring\Project for sure\.metadata\.plugins\org.eclipse.swt\EBWebView\Default
2026-08-06 11:07:46.670: [INFO] MostRecentlyActiveProfile: name=Profile 1 path=D:\Projects\TMSL\spring\Project for sure\.metadata\.plugins\org.eclipse.swt\EBWebView\Default lastActive=2026-08-05T15:30:23.224Z
2026-08-06 11:07:46.670: [INFO] OnDoneLoading sync enabled: 0
2026-08-06 11:07:46.670: [INFO] BookmarkModelLoaded, ids_reassigned: 0
2026-08-06 11:07:46.670: [INFO] BookmarksLoadDropped droppedNodes=0
2026-08-06 11:07:46.670: [INFO] BookmarksSnapshot Startup total=0 bar=0 other=0 mobile=0 showBar=0 showBarNTP=1
2026-08-06 12:04:40.097: [INFO] BookmarksSnapshot Shutdown total=0 bar=0 other=0 mobile=0 showBar=0 showBarNTP=1
2026-08-06 12:26:49.876: [INFO] CurrentProfilePath: D:\Projects\TMSL\spring\Project for sure\.metadata\.plugins\org.eclipse.swt\EBWebView\Default
2026-08-06 12:26:49.876: [INFO] Profiles total count: 1
2026-08-06 12:26:49.877: [INFO] Profile: name=Profile 1 path=D:\Projects\TMSL\spring\Project for sure\.metadata\.plugins\org.eclipse.swt\EBWebView\Default lastActive=2026-08-05T15:30:23.224Z
2026-08-06 12:26:49.877: [INFO] LastUsedProfileDir: D:\Projects\TMSL\spring\Project for sure\.metadata\.plugins\org.eclipse.swt\EBWebView\Default
2026-08-06 12:26:49.877: [INFO] MostRecentlyActiveProfile: name=Profile 1 path=D:\Projects\TMSL\spring\Project for sure\.metadata\.plugins\org.eclipse.swt\EBWebView\Default lastActive=2026-08-05T15:30:23.224Z
2026-08-06 12:26:49.877: [INFO] OnDoneLoading sync enabled: 0
2026-08-06 12:26:49.877: [INFO] BookmarkModelLoaded, ids_reassigned: 0
2026-08-06 12:26:49.877: [INFO] BookmarksLoadDropped droppedNodes=0
2026-08-06 12:26:49.877: [INFO] BookmarksSnapshot Startup total=0 bar=0 other=0 mobile=0 showBar=0 showBarNTP=1
2026-08-06 15:34:49.555: [INFO] CurrentProfilePath: D:\Projects\TMSL\spring\Project for sure\.metadata\.plugins\org.eclipse.swt\EBWebView\Default
2026-08-06 15:34:49.555: [INFO] Profiles total count: 1
2026-08-06 15:34:49.555: [INFO] Profile: name=Profile 1 path=D:\Projects\TMSL\spring\Project for sure\.metadata\.plugins\org.eclipse.swt\EBWebView\Default lastActive=2026-08-05T15:30:23.224Z
2026-08-06 15:34:49.555: [INFO] LastUsedProfileDir: D:\Projects\TMSL\spring\Project for sure\.metadata\.plugins\org.eclipse.swt\EBWebView\Default
2026-08-06 15:34:49.555: [INFO] MostRecentlyActiveProfile: name=Profile 1 path=D:\Projects\TMSL\spring\Project for sure\.metadata\.plugins\org.eclipse.swt\EBWebView\Default lastActive=2026-08-05T15:30:23.224Z
2026-08-06 15:34:49.555: [INFO] OnDoneLoading sync enabled: 0
2026-08-06 15:34:49.555: [INFO] BookmarkModelLoaded, ids_reassigned: 0
2026-08-06 15:34:49.555: [INFO] BookmarksLoadDropped droppedNodes=0
2026-08-06 15:34:49.555: [INFO] BookmarksSnapshot Startup total=0 bar=0 other=0 mobile=0 showBar=0 showBarNTP=1
2026-08-06 15:49:04.217: [INFO] BookmarksSnapshot Shutdown total=0 bar=0 other=0 mobile=0 showBar=0 showBarNTP=1
2026-08-06 16:19:00.088: [INFO] CurrentProfilePath: D:\Projects\TMSL\spring\Project for sure\.metadata\.plugins\org.eclipse.swt\EBWebView\Default
2026-08-06 16:19:00.088: [INFO] Profiles total count: 1
2026-08-06 16:19:00.088: [INFO] Profile: name=Profile 1 path=D:\Projects\TMSL\spring\Project for sure\.metadata\.plugins\org.eclipse.swt\EBWebView\Default lastActive=2026-08-05T15:30:23.224Z
2026-08-06 16:19:00.088: [INFO] LastUsedProfileDir: D:\Projects\TMSL\spring\Project for sure\.metadata\.plugins\org.eclipse.swt\EBWebView\Default
2026-08-06 16:19:00.088: [INFO] MostRecentlyActiveProfile: name=Profile 1 path=D:\Projects\TMSL\spring\Project for sure\.metadata\.plugins\org.eclipse.swt\EBWebView\Default lastActive=2026-08-05T15:30:23.224Z
2026-08-06 16:19:00.088: [INFO] OnDoneLoading sync enabled: 0
2026-08-06 16:19:00.088: [INFO] BookmarkModelLoaded, ids_reassigned: 0
2026-08-06 16:19:00.088: [INFO] BookmarksLoadDropped droppedNodes=0
2026-08-06 16:19:00.088: [INFO] BookmarksSnapshot Startup total=0 bar=0 other=0 mobile=0 showBar=0 showBarNTP=1
2026-08-06 18:39:57.832: [INFO] BookmarksSnapshot Shutdown total=0 bar=0 other=0 mobile=0 showBar=0 showBarNTP=1
2026-08-07 07:33:31.007: [INFO] CurrentProfilePath: D:\Projects\TMSL\spring\Project for sure\.metadata\.plugins\org.eclipse.swt\EBWebView\Default
2026-08-07 07:33:31.007: [INFO] Profiles total count: 1
2026-08-07 07:33:31.008: [INFO] Profile: name=Profile 1 path=D:\Projects\TMSL\spring\Project for sure\.metadata\.plugins\org.eclipse.swt\EBWebView\Default lastActive=2026-08-05T15:30:23.224Z
2026-08-07 07:33:31.008: [INFO] LastUsedProfileDir: D:\Projects\TMSL\spring\Project for sure\.metadata\.plugins\org.eclipse.swt\EBWebView\Default
2026-08-07 07:33:31.008: [INFO] MostRecentlyActiveProfile: name=Profile 1 path=D:\Projects\TMSL\spring\Project for sure\.metadata\.plugins\org.eclipse.swt\EBWebView\Default lastActive=2026-08-05T15:30:23.224Z
2026-08-07 07:33:31.008: [INFO] OnDoneLoading sync enabled: 0
2026-08-07 07:33:31.008: [INFO] BookmarkModelLoaded, ids_reassigned: 0
2026-08-07 07:33:31.008: [INFO] BookmarksLoadDropped droppedNodes=0
2026-08-07 07:33:31.008: [INFO] BookmarksSnapshot Startup total=0 bar=0 other=0 mobile=0 showBar=0 showBarNTP=1
2026-08-07 07:34:11.358: [INFO] BookmarksSnapshot Shutdown total=0 bar=0 other=0 mobile=0 showBar=0 showBarNTP=1
2026-08-07 07:59:49.630: [INFO] CurrentProfilePath: D:\Projects\TMSL\spring\Project for sure\.metadata\.plugins\org.eclipse.swt\EBWebView\Default
2026-08-07 07:59:49.630: [INFO] Profiles total count: 1
2026-08-07 07:59:49.630: [INFO] Profile: name=Profile 1 path=D:\Projects\TMSL\spring\Project for sure\.metadata\.plugins\org.eclipse.swt\EBWebView\Default lastActive=2026-08-05T15:30:23.224Z
2026-08-07 07:59:49.630: [INFO] LastUsedProfileDir: D:\Projects\TMSL\spring\Project for sure\.metadata\.plugins\org.eclipse.swt\EBWebView\Default
2026-08-07 07:59:49.630: [INFO] MostRecentlyActiveProfile: name=Profile 1 path=D:\Projects\TMSL\spring\Project for sure\.metadata\.plugins\org.eclipse.swt\EBWebView\Default lastActive=2026-08-05T15:30:23.224Z
2026-08-07 07:59:49.630: [INFO] OnDoneLoading sync enabled: 0
2026-08-07 07:59:49.630: [INFO] BookmarkModelLoaded, ids_reassigned: 0
2026-08-07 07:59:49.630: [INFO] BookmarksLoadDropped droppedNodes=0
2026-08-07 07:59:49.630: [INFO] BookmarksSnapshot Startup total=0 bar=0 other=0 mobile=0 showBar=0 showBarNTP=1
2026-08-07 10:49:20.119: [INFO] BookmarksSnapshot Shutdown total=0 bar=0 other=0 mobile=0 showBar=0 showBarNTP=1
2026-08-07 10:54:25.960: [INFO] CurrentProfilePath: D:\Projects\TMSL\spring\Project for sure\.metadata\.plugins\org.eclipse.swt\EBWebView\Default
2026-08-07 10:54:25.960: [INFO] Profiles total count: 1
2026-08-07 10:54:25.961: [INFO] Profile: name=Profile 1 path=D:\Projects\TMSL\spring\Project for sure\.metadata\.plugins\org.eclipse.swt\EBWebView\Default lastActive=2026-08-05T15:30:23.224Z
2026-08-07 10:54:25.961: [INFO] LastUsedProfileDir: D:\Projects\TMSL\spring\Project for sure\.metadata\.plugins\org.eclipse.swt\EBWebView\Default
2026-08-07 10:54:25.961: [INFO] MostRecentlyActiveProfile: name=Profile 1 path=D:\Projects\TMSL\spring\Project for sure\.metadata\.plugins\org.eclipse.swt\EBWebView\Default lastActive=2026-08-05T15:30:23.224Z
2026-08-07 10:54:25.961: [INFO] OnDoneLoading sync enabled: 0
2026-08-07 10:54:25.961: [INFO] BookmarkModelLoaded, ids_reassigned: 0
2026-08-07 10:54:25.961: [INFO] BookmarksLoadDropped droppedNodes=0
2026-08-07 10:54:25.961: [INFO] BookmarksSnapshot Startup total=0 bar=0 other=0 mobile=0 showBar=0 showBarNTP=1
2026-08-07 10:55:22.592: [INFO] BookmarksSnapshot Shutdown total=0 bar=0 other=0 mobile=0 showBar=0 showBarNTP=1
2026-08-07 11:09:11.343: [INFO] CurrentProfilePath: D:\Projects\TMSL\spring\Project for sure\.metadata\.plugins\org.eclipse.swt\EBWebView\Default
2026-08-07 11:09:11.343: [INFO] Profiles total count: 1
2026-08-07 11:09:11.343: [INFO] Profile: name=Profile 1 path=D:\Projects\TMSL\spring\Project for sure\.metadata\.plugins\org.eclipse.swt\EBWebView\Default lastActive=2026-08-05T15:30:23.224Z
2026-08-07 11:09:11.343: [INFO] LastUsedProfileDir: D:\Projects\TMSL\spring\Project for sure\.metadata\.plugins\org.eclipse.swt\EBWebView\Default
2026-08-07 11:09:11.343: [INFO] MostRecentlyActiveProfile: name=Profile 1 path=D:\Projects\TMSL\spring\Project for sure\.metadata\.plugins\org.eclipse.swt\EBWebView\Default lastActive=2026-08-05T15:30:23.224Z
2026-08-07 11:09:11.343: [INFO] OnDoneLoading sync enabled: 0
2026-08-07 11:09:11.343: [INFO] BookmarkModelLoaded, ids_reassigned: 0
2026-08-07 11:09:11.343: [INFO] BookmarksLoadDropped droppedNodes=0
2026-08-07 11:09:11.343: [INFO] BookmarksSnapshot Startup total=0 bar=0 other=0 mobile=0 showBar=0 showBarNTP=1
2026-08-07 11:09:23.424: [INFO] BookmarksSnapshot Shutdown total=0 bar=0 other=0 mobile=0 showBar=0 showBarNTP=1
2026-08-07 11:18:38.794: [INFO] CurrentProfilePath: D:\Projects\TMSL\spring\Project for sure\.metadata\.plugins\org.eclipse.swt\EBWebView\Default
2026-08-07 11:18:38.794: [INFO] Profiles total count: 1
2026-08-07 11:18:38.794: [INFO] Profile: name=Profile 1 path=D:\Projects\TMSL\spring\Project for sure\.metadata\.plugins\org.eclipse.swt\EBWebView\Default lastActive=2026-08-05T15:30:23.224Z
2026-08-07 11:18:38.794: [INFO] LastUsedProfileDir: D:\Projects\TMSL\spring\Project for sure\.metadata\.plugins\org.eclipse.swt\EBWebView\Default
2026-08-07 11:18:38.794: [INFO] MostRecentlyActiveProfile: name=Profile 1 path=D:\Projects\TMSL\spring\Project for sure\.metadata\.plugins\org.eclipse.swt\EBWebView\Default lastActive=2026-08-05T15:30:23.224Z
2026-08-07 11:18:38.794: [INFO] OnDoneLoading sync enabled: 0
2026-08-07 11:18:38.794: [INFO] BookmarkModelLoaded, ids_reassigned: 0
2026-08-07 11:18:38.794: [INFO] BookmarksLoadDropped droppedNodes=0
2026-08-07 11:18:38.794: [INFO] BookmarksSnapshot Startup total=0 bar=0 other=0 mobile=0 showBar=0 showBarNTP=1
2026-08-07 12:38:28.041: [INFO] BookmarksSnapshot Shutdown total=0 bar=0 other=0 mobile=0 showBar=0 showBarNTP=1
2026-08-07 12:40:14.047: [INFO] CurrentProfilePath: D:\Projects\TMSL\spring\Project for sure\.metadata\.plugins\org.eclipse.swt\EBWebView\Default
2026-08-07 12:40:14.047: [INFO] Profiles total count: 1
2026-08-07 12:40:14.048: [INFO] Profile: name=Profile 1 path=D:\Projects\TMSL\spring\Project for sure\.metadata\.plugins\org.eclipse.swt\EBWebView\Default lastActive=2026-08-05T15:30:23.224Z
2026-08-07 12:40:14.048: [INFO] LastUsedProfileDir: D:\Projects\TMSL\spring\Project for sure\.metadata\.plugins\org.eclipse.swt\EBWebView\Default
2026-08-07 12:40:14.048: [INFO] MostRecentlyActiveProfile: name=Profile 1 path=D:\Projects\TMSL\spring\Project for sure\.metadata\.plugins\org.eclipse.swt\EBWebView\Default lastActive=2026-08-05T15:30:23.224Z
2026-08-07 12:40:14.048: [INFO] OnDoneLoading sync enabled: 0
2026-08-07 12:40:14.048: [INFO] BookmarkModelLoaded, ids_reassigned: 0
2026-08-07 12:40:14.048: [INFO] BookmarksLoadDropped droppedNodes=0
2026-08-07 12:40:14.048: [INFO] BookmarksSnapshot Startup total=0 bar=0 other=0 mobile=0 showBar=0 showBarNTP=1
2026-08-07 13:18:18.577: [INFO] BookmarksSnapshot Shutdown total=0 bar=0 other=0 mobile=0 showBar=0 showBarNTP=1
2026-08-07 13:18:34.326: [INFO] CurrentProfilePath: D:\Projects\TMSL\spring\Project for sure\.metadata\.plugins\org.eclipse.swt\EBWebView\Default
2026-08-07 13:18:34.327: [INFO] Profiles total count: 1
2026-08-07 13:18:34.327: [INFO] Profile: name=Profile 1 path=D:\Projects\TMSL\spring\Project for sure\.metadata\.plugins\org.eclipse.swt\EBWebView\Default lastActive=2026-08-05T15:30:23.224Z
2026-08-07 13:18:34.327: [INFO] LastUsedProfileDir: D:\Projects\TMSL\spring\Project for sure\.metadata\.plugins\org.eclipse.swt\EBWebView\Default
2026-08-07 13:18:34.327: [INFO] MostRecentlyActiveProfile: name=Profile 1 path=D:\Projects\TMSL\spring\Project for sure\.metadata\.plugins\org.eclipse.swt\EBWebView\Default lastActive=2026-08-05T15:30:23.224Z
2026-08-07 13:18:34.327: [INFO] OnDoneLoading sync enabled: 0
2026-08-07 13:18:34.327: [INFO] BookmarkModelLoaded, ids_reassigned: 0
2026-08-07 13:18:34.327: [INFO] BookmarksLoadDropped droppedNodes=0
2026-08-07 13:18:34.327: [INFO] BookmarksSnapshot Startup total=0 bar=0 other=0 mobile=0 showBar=0 showBarNTP=1
2026-08-07 13:38:04.383: [INFO] BookmarksSnapshot Shutdown total=0 bar=0 other=0 mobile=0 showBar=0 showBarNTP=1
2026-08-08 12:13:55.753: [INFO] CurrentProfilePath: D:\Projects\TMSL\spring\Project for sure\.metadata\.plugins\org.eclipse.swt\EBWebView\Default
2026-08-08 12:13:55.753: [INFO] Profiles total count: 1
2026-08-08 12:13:55.753: [INFO] Profile: name=Profile 1 path=D:\Projects\TMSL\spring\Project for sure\.metadata\.plugins\org.eclipse.swt\EBWebView\Default lastActive=2026-08-05T15:30:23.224Z
2026-08-08 12:13:55.753: [INFO] LastUsedProfileDir: D:\Projects\TMSL\spring\Project for sure\.metadata\.plugins\org.eclipse.swt\EBWebView\Default
2026-08-08 12:13:55.753: [INFO] MostRecentlyActiveProfile: name=Profile 1 path=D:\Projects\TMSL\spring\Project for sure\.metadata\.plugins\org.eclipse.swt\EBWebView\Default lastActive=2026-08-05T15:30:23.224Z
2026-08-08 12:13:55.753: [INFO] OnDoneLoading sync enabled: 0
2026-08-08 12:13:55.753: [INFO] BookmarkModelLoaded, ids_reassigned: 0
2026-08-08 12:13:55.753: [INFO] BookmarksLoadDropped droppedNodes=0
2026-08-08 12:13:55.753: [INFO] BookmarksSnapshot Startup total=0 bar=0 other=0 mobile=0 showBar=0 showBarNTP=1
2026-08-08 12:46:23.902: [INFO] BookmarksSnapshot Shutdown total=0 bar=0 other=0 mobile=0 showBar=0 showBarNTP=1
2026-08-08 12:50:02.571: [INFO] CurrentProfilePath: D:\Projects\TMSL\spring\Project for sure\.metadata\.plugins\org.eclipse.swt\EBWebView\Default
2026-08-08 12:50:02.571: [INFO] Profiles total count: 1
2026-08-08 12:50:02.571: [INFO] Profile: name=Profile 1 path=D:\Projects\TMSL\spring\Project for sure\.metadata\.plugins\org.eclipse.swt\EBWebView\Default lastActive=2026-08-05T15:30:23.224Z
2026-08-08 12:50:02.571: [INFO] LastUsedProfileDir: D:\Projects\TMSL\spring\Project for sure\.metadata\.plugins\org.eclipse.swt\EBWebView\Default
2026-08-08 12:50:02.571: [INFO] MostRecentlyActiveProfile: name=Profile 1 path=D:\Projects\TMSL\spring\Project for sure\.metadata\.plugins\org.eclipse.swt\EBWebView\Default lastActive=2026-08-05T15:30:23.224Z
2026-08-08 12:50:02.571: [INFO] OnDoneLoading sync enabled: 0
2026-08-08 12:50:02.571: [INFO] BookmarkModelLoaded, ids_reassigned: 0
2026-08-08 12:50:02.571: [INFO] BookmarksLoadDropped droppedNodes=0
2026-08-08 12:50:02.571: [INFO] BookmarksSnapshot Startup total=0 bar=0 other=0 mobile=0 showBar=0 showBarNTP=1
2026-08-08 12:53:02.598: [INFO] BookmarksSnapshot Shutdown total=0 bar=0 other=0 mobile=0 showBar=0 showBarNTP=1
2026-08-08 12:53:21.377: [INFO] CurrentProfilePath: D:\Projects\TMSL\spring\Project for sure\.metadata\.plugins\org.eclipse.swt\EBWebView\Default
2026-08-08 12:53:21.377: [INFO] Profiles total count: 1
2026-08-08 12:53:21.378: [INFO] Profile: name=Profile 1 path=D:\Projects\TMSL\spring\Project for sure\.metadata\.plugins\org.eclipse.swt\EBWebView\Default lastActive=2026-08-05T15:30:23.224Z
2026-08-08 12:53:21.378: [INFO] LastUsedProfileDir: D:\Projects\TMSL\spring\Project for sure\.metadata\.plugins\org.eclipse.swt\EBWebView\Default
2026-08-08 12:53:21.378: [INFO] MostRecentlyActiveProfile: name=Profile 1 path=D:\Projects\TMSL\spring\Project for sure\.metadata\.plugins\org.eclipse.swt\EBWebView\Default lastActive=2026-08-05T15:30:23.224Z
2026-08-08 12:53:21.378: [INFO] OnDoneLoading sync enabled: 0
2026-08-08 12:53:21.378: [INFO] BookmarkModelLoaded, ids_reassigned: 0
2026-08-08 12:53:21.378: [INFO] BookmarksLoadDropped droppedNodes=0
2026-08-08 12:53:21.378: [INFO] BookmarksSnapshot Startup total=0 bar=0 other=0 mobile=0 showBar=0 showBarNTP=1
2026-08-08 14:59:52.808: [INFO] BookmarksSnapshot Shutdown total=0 bar=0 other=0 mobile=0 showBar=0 showBarNTP=1
2026-08-09 11:16:58.289: [INFO] CurrentProfilePath: D:\Projects\TMSL\spring\Project for sure\.metadata\.plugins\org.eclipse.swt\EBWebView\Default
2026-08-09 11:16:58.289: [INFO] Profiles total count: 1
2026-08-09 11:16:58.289: [INFO] Profile: name=Profile 1 path=D:\Projects\TMSL\spring\Project for sure\.metadata\.plugins\org.eclipse.swt\EBWebView\Default lastActive=2026-08-05T15:30:23.224Z
2026-08-09 11:16:58.289: [INFO] LastUsedProfileDir: D:\Projects\TMSL\spring\Project for sure\.metadata\.plugins\org.eclipse.swt\EBWebView\Default
2026-08-09 11:16:58.289: [INFO] MostRecentlyActiveProfile: name=Profile 1 path=D:\Projects\TMSL\spring\Project for sure\.metadata\.plugins\org.eclipse.swt\EBWebView\Default lastActive=2026-08-05T15:30:23.224Z
2026-08-09 11:16:58.289: [INFO] OnDoneLoading sync enabled: 0
2026-08-09 11:16:58.289: [INFO] BookmarkModelLoaded, ids_reassigned: 0
2026-08-09 11:16:58.289: [INFO] BookmarksLoadDropped droppedNodes=0
2026-08-09 11:16:58.289: [INFO] BookmarksSnapshot Startup total=0 bar=0 other=0 mobile=0 showBar=0 showBarNTP=1
2026-08-09 11:17:03.142: [INFO] BookmarksSnapshot Shutdown total=0 bar=0 other=0 mobile=0 showBar=0 showBarNTP=1
2026-08-09 11:18:11.159: [INFO] CurrentProfilePath: D:\Projects\TMSL\spring\Project for sure\.metadata\.plugins\org.eclipse.swt\EBWebView\Default
2026-08-09 11:18:11.159: [INFO] Profiles total count: 1
2026-08-09 11:18:11.159: [INFO] Profile: name=Profile 1 path=D:\Projects\TMSL\spring\Project for sure\.metadata\.plugins\org.eclipse.swt\EBWebView\Default lastActive=2026-08-05T15:30:23.224Z
2026-08-09 11:18:11.159: [INFO] LastUsedProfileDir: D:\Projects\TMSL\spring\Project for sure\.metadata\.plugins\org.eclipse.swt\EBWebView\Default
2026-08-09 11:18:11.159: [INFO] MostRecentlyActiveProfile: name=Profile 1 path=D:\Projects\TMSL\spring\Project for sure\.metadata\.plugins\org.eclipse.swt\EBWebView\Default lastActive=2026-08-05T15:30:23.224Z
2026-08-09 11:18:11.159: [INFO] OnDoneLoading sync enabled: 0
2026-08-09 11:18:11.159: [INFO] BookmarkModelLoaded, ids_reassigned: 0
2026-08-09 11:18:11.159: [INFO] BookmarksLoadDropped droppedNodes=0
2026-08-09 11:18:11.159: [INFO] BookmarksSnapshot Startup total=0 bar=0 other=0 mobile=0 showBar=0 showBarNTP=1
2026-08-09 11:18:52.992: [INFO] BookmarksSnapshot Shutdown total=0 bar=0 other=0 mobile=0 showBar=0 showBarNTP=1
2026-08-09 11:20:57.813: [INFO] CurrentProfilePath: D:\Projects\TMSL\spring\Project for sure\.metadata\.plugins\org.eclipse.swt\EBWebView\Default
2026-08-09 11:20:57.813: [INFO] Profiles total count: 1
2026-08-09 11:20:57.813: [INFO] Profile: name=Profile 1 path=D:\Projects\TMSL\spring\Project for sure\.metadata\.plugins\org.eclipse.swt\EBWebView\Default lastActive=2026-08-05T15:30:23.224Z
2026-08-09 11:20:57.813: [INFO] LastUsedProfileDir: D:\Projects\TMSL\spring\Project for sure\.metadata\.plugins\org.eclipse.swt\EBWebView\Default
2026-08-09 11:20:57.814: [INFO] MostRecentlyActiveProfile: name=Profile 1 path=D:\Projects\TMSL\spring\Project for sure\.metadata\.plugins\org.eclipse.swt\EBWebView\Default lastActive=2026-08-05T15:30:23.224Z
2026-08-09 11:20:57.814: [INFO] OnDoneLoading sync enabled: 0
2026-08-09 11:20:57.814: [INFO] BookmarkModelLoaded, ids_reassigned: 0
2026-08-09 11:20:57.814: [INFO] BookmarksLoadDropped droppedNodes=0
2026-08-09 11:20:57.814: [INFO] BookmarksSnapshot Startup total=0 bar=0 other=0 mobile=0 showBar=0 showBarNTP=1
2026-08-09 11:21:02.068: [INFO] BookmarksSnapshot Shutdown total=0 bar=0 other=0 mobile=0 showBar=0 showBarNTP=1
2026-08-09 12:27:41.182: [INFO] CurrentProfilePath: D:\Projects\TMSL\spring\Project for sure\.metadata\.plugins\org.eclipse.swt\EBWebView\Default
2026-08-09 12:27:41.182: [INFO] Profiles total count: 1
2026-08-09 12:27:41.182: [INFO] Profile: name=Profile 1 path=D:\Projects\TMSL\spring\Project for sure\.metadata\.plugins\org.eclipse.swt\EBWebView\Default lastActive=2026-08-05T15:30:23.224Z
2026-08-09 12:27:41.182: [INFO] LastUsedProfileDir: D:\Projects\TMSL\spring\Project for sure\.metadata\.plugins\org.eclipse.swt\EBWebView\Default
2026-08-09 12:27:41.182: [INFO] MostRecentlyActiveProfile: name=Profile 1 path=D:\Projects\TMSL\spring\Project for sure\.metadata\.plugins\org.eclipse.swt\EBWebView\Default lastActive=2026-08-05T15:30:23.224Z
2026-08-09 12:27:41.182: [INFO] OnDoneLoading sync enabled: 0
2026-08-09 12:27:41.182: [INFO] BookmarkModelLoaded, ids_reassigned: 0
2026-08-09 12:27:41.182: [INFO] BookmarksLoadDropped droppedNodes=0
2026-08-09 12:27:41.182: [INFO] BookmarksSnapshot Startup total=0 bar=0 other=0 mobile=0 showBar=0 showBarNTP=1
2026-08-09 14:00:48.365: [INFO] BookmarksSnapshot Shutdown total=0 bar=0 other=0 mobile=0 showBar=0 showBarNTP=1
2026-08-09 16:12:19.549: [INFO] CurrentProfilePath: D:\Projects\TMSL\spring\Project for sure\.metadata\.plugins\org.eclipse.swt\EBWebView\Default
2026-08-09 16:12:19.549: [INFO] Profiles total count: 1
2026-08-09 16:12:19.549: [INFO] Profile: name=Profile 1 path=D:\Projects\TMSL\spring\Project for sure\.metadata\.plugins\org.eclipse.swt\EBWebView\Default lastActive=2026-08-05T15:30:23.224Z
2026-08-09 16:12:19.549: [INFO] LastUsedProfileDir: D:\Projects\TMSL\spring\Project for sure\.metadata\.plugins\org.eclipse.swt\EBWebView\Default
2026-08-09 16:12:19.549: [INFO] MostRecentlyActiveProfile: name=Profile 1 path=D:\Projects\TMSL\spring\Project for sure\.metadata\.plugins\org.eclipse.swt\EBWebView\Default lastActive=2026-08-05T15:30:23.224Z
2026-08-09 16:12:19.549: [INFO] OnDoneLoading sync enabled: 0
2026-08-09 16:12:19.549: [INFO] BookmarkModelLoaded, ids_reassigned: 0
2026-08-09 16:12:19.549: [INFO] BookmarksLoadDropped droppedNodes=0
2026-08-09 16:12:19.549: [INFO] BookmarksSnapshot Startup total=0 bar=0 other=0 mobile=0 showBar=0 showBarNTP=1
2026-08-09 16:51:57.124: [INFO] BookmarksSnapshot Shutdown total=0 bar=0 other=0 mobile=0 showBar=0 showBarNTP=1
2026-08-09 18:18:12.771: [INFO] CurrentProfilePath: D:\Projects\TMSL\spring\Project for sure\.metadata\.plugins\org.eclipse.swt\EBWebView\Default
2026-08-09 18:18:12.771: [INFO] Profiles total count: 1
2026-08-09 18:18:12.772: [INFO] Profile: name=Profile 1 path=D:\Projects\TMSL\spring\Project for sure\.metadata\.plugins\org.eclipse.swt\EBWebView\Default lastActive=2026-08-05T15:30:23.224Z
2026-08-09 18:18:12.772: [INFO] LastUsedProfileDir: D:\Projects\TMSL\spring\Project for sure\.metadata\.plugins\org.eclipse.swt\EBWebView\Default
2026-08-09 18:18:12.772: [INFO] MostRecentlyActiveProfile: name=Profile 1 path=D:\Projects\TMSL\spring\Project for sure\.metadata\.plugins\org.eclipse.swt\EBWebView\Default lastActive=2026-08-05T15:30:23.224Z
2026-08-09 18:18:12.772: [INFO] OnDoneLoading sync enabled: 0
2026-08-09 18:18:12.772: [INFO] BookmarkModelLoaded, ids_reassigned: 0
2026-08-09 18:18:12.772: [INFO] BookmarksLoadDropped droppedNodes=0
2026-08-09 18:18:12.772: [INFO] BookmarksSnapshot Startup total=0 bar=0 other=0 mobile=0 showBar=0 showBarNTP=1
2026-08-09 18:31:33.529: [INFO] BookmarksSnapshot Shutdown total=0 bar=0 other=0 mobile=0 showBar=0 showBarNTP=1
2026-08-09 18:32:06.700: [INFO] CurrentProfilePath: D:\Projects\TMSL\spring\Project for sure\.metadata\.plugins\org.eclipse.swt\EBWebView\Default
2026-08-09 18:32:06.700: [INFO] Profiles total count: 1
2026-08-09 18:32:06.700: [INFO] Profile: name=Profile 1 path=D:\Projects\TMSL\spring\Project for sure\.metadata\.plugins\org.eclipse.swt\EBWebView\Default lastActive=2026-08-05T15:30:23.224Z
2026-08-09 18:32:06.700: [INFO] LastUsedProfileDir: D:\Projects\TMSL\spring\Project for sure\.metadata\.plugins\org.eclipse.swt\EBWebView\Default
2026-08-09 18:32:06.700: [INFO] MostRecentlyActiveProfile: name=Profile 1 path=D:\Projects\TMSL\spring\Project for sure\.metadata\.plugins\org.eclipse.swt\EBWebView\Default lastActive=2026-08-05T15:30:23.224Z
2026-08-09 18:32:06.700: [INFO] OnDoneLoading sync enabled: 0
2026-08-09 18:32:06.700: [INFO] BookmarkModelLoaded, ids_reassigned: 0
2026-08-09 18:32:06.700: [INFO] BookmarksLoadDropped droppedNodes=0
2026-08-09 18:32:06.700: [INFO] BookmarksSnapshot Startup total=0 bar=0 other=0 mobile=0 showBar=0 showBarNTP=1
2026-08-09 19:00:31.089: [INFO] BookmarksSnapshot Shutdown total=0 bar=0 other=0 mobile=0 showBar=0 showBarNTP=1
2026-08-09 19:22:08.149: [INFO] CurrentProfilePath: D:\Projects\TMSL\spring\Project for sure\.metadata\.plugins\org.eclipse.swt\EBWebView\Default
2026-08-09 19:22:08.149: [INFO] Profiles total count: 1
2026-08-09 19:22:08.149: [INFO] Profile: name=Profile 1 path=D:\Projects\TMSL\spring\Project for sure\.metadata\.plugins\org.eclipse.swt\EBWebView\Default lastActive=2026-08-05T15:30:23.224Z
2026-08-09 19:22:08.149: [INFO] LastUsedProfileDir: D:\Projects\TMSL\spring\Project for sure\.metadata\.plugins\org.eclipse.swt\EBWebView\Default
2026-08-09 19:22:08.149: [INFO] MostRecentlyActiveProfile: name=Profile 1 path=D:\Projects\TMSL\spring\Project for sure\.metadata\.plugins\org.eclipse.swt\EBWebView\Default lastActive=2026-08-05T15:30:23.224Z
2026-08-09 19:22:08.149: [INFO] OnDoneLoading sync enabled: 0
2026-08-09 19:22:08.149: [INFO] BookmarkModelLoaded, ids_reassigned: 0
2026-08-09 19:22:08.149: [INFO] BookmarksLoadDropped droppedNodes=0
2026-08-09 19:22:08.149: [INFO] BookmarksSnapshot Startup total=0 bar=0 other=0 mobile=0 showBar=0 showBarNTP=1
2026-08-09 19:22:15.889: [INFO] BookmarksSnapshot Shutdown total=0 bar=0 other=0 mobile=0 showBar=0 showBarNTP=1
2026-08-09 19:26:46.501: [INFO] CurrentProfilePath: D:\Projects\TMSL\spring\Project for sure\.metadata\.plugins\org.eclipse.swt\EBWebView\Default
2026-08-09 19:26:46.501: [INFO] Profiles total count: 1
2026-08-09 19:26:46.501: [INFO] Profile: name=Profile 1 path=D:\Projects\TMSL\spring\Project for sure\.metadata\.plugins\org.eclipse.swt\EBWebView\Default lastActive=2026-08-05T15:30:23.224Z
2026-08-09 19:26:46.501: [INFO] LastUsedProfileDir: D:\Projects\TMSL\spring\Project for sure\.metadata\.plugins\org.eclipse.swt\EBWebView\Default
2026-08-09 19:26:46.502: [INFO] MostRecentlyActiveProfile: name=Profile 1 path=D:\Projects\TMSL\spring\Project for sure\.metadata\.plugins\org.eclipse.swt\EBWebView\Default lastActive=2026-08-05T15:30:23.224Z
2026-08-09 19:26:46.502: [INFO] OnDoneLoading sync enabled: 0
2026-08-09 19:26:46.502: [INFO] BookmarkModelLoaded, ids_reassigned: 0
2026-08-09 19:26:46.502: [INFO] BookmarksLoadDropped droppedNodes=0
2026-08-09 19:26:46.502: [INFO] BookmarksSnapshot Startup total=0 bar=0 other=0 mobile=0 showBar=0 showBarNTP=1
2026-08-09 19:26:53.096: [INFO] BookmarksSnapshot Shutdown total=0 bar=0 other=0 mobile=0 showBar=0 showBarNTP=1
2026-08-09 19:27:58.923: [INFO] CurrentProfilePath: D:\Projects\TMSL\spring\Project for sure\.metadata\.plugins\org.eclipse.swt\EBWebView\Default
2026-08-09 19:27:58.923: [INFO] Profiles total count: 1
2026-08-09 19:27:58.924: [INFO] Profile: name=Profile 1 path=D:\Projects\TMSL\spring\Project for sure\.metadata\.plugins\org.eclipse.swt\EBWebView\Default lastActive=2026-08-05T15:30:23.224Z
2026-08-09 19:27:58.924: [INFO] LastUsedProfileDir: D:\Projects\TMSL\spring\Project for sure\.metadata\.plugins\org.eclipse.swt\EBWebView\Default
2026-08-09 19:27:58.924: [INFO] MostRecentlyActiveProfile: name=Profile 1 path=D:\Projects\TMSL\spring\Project for sure\.metadata\.plugins\org.eclipse.swt\EBWebView\Default lastActive=2026-08-05T15:30:23.224Z
2026-08-09 19:27:58.924: [INFO] OnDoneLoading sync enabled: 0
2026-08-09 19:27:58.924: [INFO] BookmarkModelLoaded, ids_reassigned: 0
2026-08-09 19:27:58.924: [INFO] BookmarksLoadDropped droppedNodes=0
2026-08-09 19:27:58.924: [INFO] BookmarksSnapshot Startup total=0 bar=0 other=0 mobile=0 showBar=0 showBarNTP=1
2026-08-09 19:34:27.601: [INFO] BookmarksSnapshot Shutdown total=0 bar=0 other=0 mobile=0 showBar=0 showBarNTP=1
2026-08-10 06:57:54.776: [INFO] CurrentProfilePath: D:\Projects\TMSL\spring\Project for sure\.metadata\.plugins\org.eclipse.swt\EBWebView\Default
2026-08-10 06:57:54.776: [INFO] Profiles total count: 1
2026-08-10 06:57:54.777: [INFO] Profile: name=Profile 1 path=D:\Projects\TMSL\spring\Project for sure\.metadata\.plugins\org.eclipse.swt\EBWebView\Default lastActive=2026-08-05T15:30:23.224Z
2026-08-10 06:57:54.777: [INFO] LastUsedProfileDir: D:\Projects\TMSL\spring\Project for sure\.metadata\.plugins\org.eclipse.swt\EBWebView\Default
2026-08-10 06:57:54.777: [INFO] MostRecentlyActiveProfile: name=Profile 1 path=D:\Projects\TMSL\spring\Project for sure\.metadata\.plugins\org.eclipse.swt\EBWebView\Default lastActive=2026-08-05T15:30:23.224Z
2026-08-10 06:57:54.777: [INFO] OnDoneLoading sync enabled: 0
2026-08-10 06:57:54.777: [INFO] BookmarkModelLoaded, ids_reassigned: 0
2026-08-10 06:57:54.777: [INFO] BookmarksLoadDropped droppedNodes=0
2026-08-10 06:57:54.777: [INFO] BookmarksSnapshot Startup total=0 bar=0 other=0 mobile=0 showBar=0 showBarNTP=1
2026-08-10 07:14:28.330: [INFO] BookmarksSnapshot Shutdown total=0 bar=0 other=0 mobile=0 showBar=0 showBarNTP=1
2026-08-10 07:56:39.911: [INFO] CurrentProfilePath: D:\Projects\TMSL\spring\Project for sure\.metadata\.plugins\org.eclipse.swt\EBWebView\Default
2026-08-10 07:56:39.911: [INFO] Profiles total count: 1
2026-08-10 07:56:39.911: [INFO] Profile: name=Profile 1 path=D:\Projects\TMSL\spring\Project for sure\.metadata\.plugins\org.eclipse.swt\EBWebView\Default lastActive=2026-08-05T15:30:23.224Z
2026-08-10 07:56:39.911: [INFO] LastUsedProfileDir: D:\Projects\TMSL\spring\Project for sure\.metadata\.plugins\org.eclipse.swt\EBWebView\Default
2026-08-10 07:56:39.911: [INFO] MostRecentlyActiveProfile: name=Profile 1 path=D:\Projects\TMSL\spring\Project for sure\.metadata\.plugins\org.eclipse.swt\EBWebView\Default lastActive=2026-08-05T15:30:23.224Z
2026-08-10 07:56:39.911: [INFO] OnDoneLoading sync enabled: 0
2026-08-10 07:56:39.911: [INFO] BookmarkModelLoaded, ids_reassigned: 0
2026-08-10 07:56:39.911: [INFO] BookmarksLoadDropped droppedNodes=0
2026-08-10 07:56:39.911: [INFO] BookmarksSnapshot Startup total=0 bar=0 other=0 mobile=0 showBar=0 showBarNTP=1
2026-08-10 08:00:27.221: [INFO] BookmarksSnapshot Shutdown total=0 bar=0 other=0 mobile=0 showBar=0 showBarNTP=1
2026-08-10 08:00:27.296: [INFO] CurrentProfilePath: D:\Projects\TMSL\spring\Project for sure\.metadata\.plugins\org.eclipse.swt\EBWebView\Default
2026-08-10 08:00:27.296: [INFO] Profiles total count: 1
2026-08-10 08:00:27.297: [INFO] Profile: name=Profile 1 path=D:\Projects\TMSL\spring\Project for sure\.metadata\.plugins\org.eclipse.swt\EBWebView\Default lastActive=2026-08-05T15:30:23.224Z
2026-08-10 08:00:27.297: [INFO] LastUsedProfileDir: D:\Projects\TMSL\spring\Project for sure\.metadata\.plugins\org.eclipse.swt\EBWebView\Default
2026-08-10 08:00:27.297: [INFO] MostRecentlyActiveProfile: name=Profile 1 path=D:\Projects\TMSL\spring\Project for sure\.metadata\.plugins\org.eclipse.swt\EBWebView\Default lastActive=2026-08-05T15:30:23.224Z
2026-08-10 08:00:27.297: [INFO] OnDoneLoading sync enabled: 0
2026-08-10 08:00:27.297: [INFO] BookmarkModelLoaded, ids_reassigned: 0
2026-08-10 08:00:27.297: [INFO] BookmarksLoadDropped droppedNodes=0
2026-08-10 08:00:27.297: [INFO] BookmarksSnapshot Startup total=0 bar=0 other=0 mobile=0 showBar=0 showBarNTP=1
2026-08-10 12:59:57.258: [INFO] CurrentProfilePath: D:\Projects\TMSL\spring\Project for sure\.metadata\.plugins\org.eclipse.swt\EBWebView\Default
2026-08-10 12:59:57.258: [INFO] Profiles total count: 1
2026-08-10 12:59:57.259: [INFO] Profile: name=Profile 1 path=D:\Projects\TMSL\spring\Project for sure\.metadata\.plugins\org.eclipse.swt\EBWebView\Default lastActive=2026-08-05T15:30:23.224Z
2026-08-10 12:59:57.259: [INFO] LastUsedProfileDir: D:\Projects\TMSL\spring\Project for sure\.metadata\.plugins\org.eclipse.swt\EBWebView\Default
2026-08-10 12:59:57.259: [INFO] MostRecentlyActiveProfile: name=Profile 1 path=D:\Projects\TMSL\spring\Project for sure\.metadata\.plugins\org.eclipse.swt\EBWebView\Default lastActive=2026-08-05T15:30:23.224Z
2026-08-10 12:59:57.259: [INFO] OnDoneLoading sync enabled: 0
2026-08-10 12:59:57.259: [INFO] BookmarkModelLoaded, ids_reassigned: 0
2026-08-10 12:59:57.259: [INFO] BookmarksLoadDropped droppedNodes=0
2026-08-10 12:59:57.259: [INFO] BookmarksSnapshot Startup total=0 bar=0 other=0 mobile=0 showBar=0 showBarNTP=1
2026-08-10 13:12:00.653: [INFO] BookmarksSnapshot Shutdown total=0 bar=0 other=0 mobile=0 showBar=0 showBarNTP=1
2026-08-10 15:40:47.315: [INFO] CurrentProfilePath: D:\Projects\TMSL\spring\Project for sure\.metadata\.plugins\org.eclipse.swt\EBWebView\Default
2026-08-10 15:40:47.315: [INFO] Profiles total count: 1
2026-08-10 15:40:47.316: [INFO] Profile: name=Profile 1 path=D:\Projects\TMSL\spring\Project for sure\.metadata\.plugins\org.eclipse.swt\EBWebView\Default lastActive=2026-08-05T15:30:23.224Z
2026-08-10 15:40:47.316: [INFO] LastUsedProfileDir: D:\Projects\TMSL\spring\Project for sure\.metadata\.plugins\org.eclipse.swt\EBWebView\Default
2026-08-10 15:40:47.316: [INFO] MostRecentlyActiveProfile: name=Profile 1 path=D:\Projects\TMSL\spring\Project for sure\.metadata\.plugins\org.eclipse.swt\EBWebView\Default lastActive=2026-08-05T15:30:23.224Z
2026-08-10 15:40:47.316: [INFO] OnDoneLoading sync enabled: 0
2026-08-10 15:40:47.316: [INFO] BookmarkModelLoaded, ids_reassigned: 0
2026-08-10 15:40:47.316: [INFO] BookmarksLoadDropped droppedNodes=0
2026-08-10 15:40:47.316: [INFO] BookmarksSnapshot Startup total=0 bar=0 other=0 mobile=0 showBar=0 showBarNTP=1
2026-08-10 16:35:07.284: [INFO] BookmarksSnapshot Shutdown total=0 bar=0 other=0 mobile=0 showBar=0 showBarNTP=1
2026-08-11 07:16:06.226: [INFO] CurrentProfilePath: D:\Projects\TMSL\spring\Project for sure\.metadata\.plugins\org.eclipse.swt\EBWebView\Default
2026-08-11 07:16:06.226: [INFO] Profiles total count: 1
2026-08-11 07:16:06.226: [INFO] Profile: name=Profile 1 path=D:\Projects\TMSL\spring\Project for sure\.metadata\.plugins\org.eclipse.swt\EBWebView\Default lastActive=2026-08-05T15:30:23.224Z
2026-08-11 07:16:06.226: [INFO] LastUsedProfileDir: D:\Projects\TMSL\spring\Project for sure\.metadata\.plugins\org.eclipse.swt\EBWebView\Default
2026-08-11 07:16:06.226: [INFO] MostRecentlyActiveProfile: name=Profile 1 path=D:\Projects\TMSL\spring\Project for sure\.metadata\.plugins\org.eclipse.swt\EBWebView\Default lastActive=2026-08-05T15:30:23.224Z
2026-08-11 07:16:06.226: [INFO] OnDoneLoading sync enabled: 0
2026-08-11 07:16:06.226: [INFO] BookmarkModelLoaded, ids_reassigned: 0
2026-08-11 07:16:06.226: [INFO] BookmarksLoadDropped droppedNodes=0
2026-08-11 07:16:06.226: [INFO] BookmarksSnapshot Startup total=0 bar=0 other=0 mobile=0 showBar=0 showBarNTP=1
2026-08-11 07:26:08.923: [INFO] BookmarksSnapshot Shutdown total=0 bar=0 other=0 mobile=0 showBar=0 showBarNTP=1
2026-08-11 07:26:09.049: [INFO] CurrentProfilePath: D:\Projects\TMSL\spring\Project for sure\.metadata\.plugins\org.eclipse.swt\EBWebView\Default
2026-08-11 07:26:09.049: [INFO] Profiles total count: 1
2026-08-11 07:26:09.049: [INFO] Profile: name=Profile 1 path=D:\Projects\TMSL\spring\Project for sure\.metadata\.plugins\org.eclipse.swt\EBWebView\Default lastActive=2026-08-05T15:30:23.224Z
2026-08-11 07:26:09.049: [INFO] LastUsedProfileDir: D:\Projects\TMSL\spring\Project for sure\.metadata\.plugins\org.eclipse.swt\EBWebView\Default
2026-08-11 07:26:09.049: [INFO] MostRecentlyActiveProfile: name=Profile 1 path=D:\Projects\TMSL\spring\Project for sure\.metadata\.plugins\org.eclipse.swt\EBWebView\Default lastActive=2026-08-05T15:30:23.224Z
2026-08-11 07:26:09.049: [INFO] OnDoneLoading sync enabled: 0
2026-08-11 07:26:09.049: [INFO] BookmarkModelLoaded, ids_reassigned: 0
2026-08-11 07:26:09.049: [INFO] BookmarksLoadDropped droppedNodes=0
2026-08-11 07:26:09.049: [INFO] BookmarksSnapshot Startup total=0 bar=0 other=0 mobile=0 showBar=0 showBarNTP=1
2026-08-11 08:34:54.226: [INFO] BookmarksSnapshot Shutdown total=0 bar=0 other=0 mobile=0 showBar=0 showBarNTP=1
2026-08-11 08:39:36.802: [INFO] CurrentProfilePath: D:\Projects\TMSL\spring\Project for sure\.metadata\.plugins\org.eclipse.swt\EBWebView\Default
2026-08-11 08:39:36.802: [INFO] Profiles total count: 1
2026-08-11 08:39:36.803: [INFO] Profile: name=Profile 1 path=D:\Projects\TMSL\spring\Project for sure\.metadata\.plugins\org.eclipse.swt\EBWebView\Default lastActive=2026-08-05T15:30:23.224Z
2026-08-11 08:39:36.803: [INFO] LastUsedProfileDir: D:\Projects\TMSL\spring\Project for sure\.metadata\.plugins\org.eclipse.swt\EBWebView\Default
2026-08-11 08:39:36.803: [INFO] MostRecentlyActiveProfile: name=Profile 1 path=D:\Projects\TMSL\spring\Project for sure\.metadata\.plugins\org.eclipse.swt\EBWebView\Default lastActive=2026-08-05T15:30:23.224Z
2026-08-11 08:39:36.803: [INFO] OnDoneLoading sync enabled: 0
2026-08-11 08:39:36.803: [INFO] BookmarkModelLoaded, ids_reassigned: 0
2026-08-11 08:39:36.803: [INFO] BookmarksLoadDropped droppedNodes=0
2026-08-11 08:39:36.803: [INFO] BookmarksSnapshot Startup total=0 bar=0 other=0 mobile=0 showBar=0 showBarNTP=1
2026-08-11 12:42:29.968: [INFO] BookmarksSnapshot Shutdown total=0 bar=0 other=0 mobile=0 showBar=0 showBarNTP=1
2026-08-11 12:42:46.995: [INFO] CurrentProfilePath: D:\Projects\TMSL\spring\Project for sure\.metadata\.plugins\org.eclipse.swt\EBWebView\Default
2026-08-11 12:42:46.995: [INFO] Profiles total count: 1
2026-08-11 12:42:46.996: [INFO] Profile: name=Profile 1 path=D:\Projects\TMSL\spring\Project for sure\.metadata\.plugins\org.eclipse.swt\EBWebView\Default lastActive=2026-08-05T15:30:23.224Z
2026-08-11 12:42:46.996: [INFO] LastUsedProfileDir: D:\Projects\TMSL\spring\Project for sure\.metadata\.plugins\org.eclipse.swt\EBWebView\Default
2026-08-11 12:42:46.996: [INFO] MostRecentlyActiveProfile: name=Profile 1 path=D:\Projects\TMSL\spring\Project for sure\.metadata\.plugins\org.eclipse.swt\EBWebView\Default lastActive=2026-08-05T15:30:23.224Z
2026-08-11 12:42:46.996: [INFO] OnDoneLoading sync enabled: 0
2026-08-11 12:42:46.996: [INFO] BookmarkModelLoaded, ids_reassigned: 0
2026-08-11 12:42:46.996: [INFO] BookmarksLoadDropped droppedNodes=0
2026-08-11 12:42:46.996: [INFO] BookmarksSnapshot Startup total=0 bar=0 other=0 mobile=0 showBar=0 showBarNTP=1
2026-08-11 13:30:09.283: [INFO] BookmarksSnapshot Shutdown total=0 bar=0 other=0 mobile=0 showBar=0 showBarNTP=1
2026-08-11 20:05:16.025: [INFO] CurrentProfilePath: D:\Projects\TMSL\spring\Project for sure\.metadata\.plugins\org.eclipse.swt\EBWebView\Default
2026-08-11 20:05:16.025: [INFO] Profiles total count: 1
2026-08-11 20:05:16.025: [INFO] Profile: name=Profile 1 path=D:\Projects\TMSL\spring\Project for sure\.metadata\.plugins\org.eclipse.swt\EBWebView\Default lastActive=2026-08-05T15:30:23.224Z
2026-08-11 20:05:16.025: [INFO] LastUsedProfileDir: D:\Projects\TMSL\spring\Project for sure\.metadata\.plugins\org.eclipse.swt\EBWebView\Default
2026-08-11 20:05:16.025: [INFO] MostRecentlyActiveProfile: name=Profile 1 path=D:\Projects\TMSL\spring\Project for sure\.metadata\.plugins\org.eclipse.swt\EBWebView\Default lastActive=2026-08-05T15:30:23.224Z
2026-08-11 20:05:16.025: [INFO] OnDoneLoading sync enabled: 0
2026-08-11 20:05:16.025: [INFO] BookmarkModelLoaded, ids_reassigned: 0
2026-08-11 20:05:16.025: [INFO] BookmarksLoadDropped droppedNodes=0
2026-08-11 20:05:16.025: [INFO] BookmarksSnapshot Startup total=0 bar=0 other=0 mobile=0 showBar=0 showBarNTP=1
2026-08-12 12:37:03.103: [INFO] CurrentProfilePath: D:\Projects\TMSL\spring\Project for sure\.metadata\.plugins\org.eclipse.swt\EBWebView\Default
2026-08-12 12:37:03.103: [INFO] Profiles total count: 1
2026-08-12 12:37:03.104: [INFO] Profile: name=Profile 1 path=D:\Projects\TMSL\spring\Project for sure\.metadata\.plugins\org.eclipse.swt\EBWebView\Default lastActive=2026-08-05T15:30:23.224Z
2026-08-12 12:37:03.104: [INFO] LastUsedProfileDir: D:\Projects\TMSL\spring\Project for sure\.metadata\.plugins\org.eclipse.swt\EBWebView\Default
2026-08-12 12:37:03.104: [INFO] MostRecentlyActiveProfile: name=Profile 1 path=D:\Projects\TMSL\spring\Project for sure\.metadata\.plugins\org.eclipse.swt\EBWebView\Default lastActive=2026-08-05T15:30:23.224Z
2026-08-12 12:37:03.104: [INFO] OnDoneLoading sync enabled: 0
2026-08-12 12:37:03.104: [INFO] BookmarkModelLoaded, ids_reassigned: 0
2026-08-12 12:37:03.104: [INFO] BookmarksLoadDropped droppedNodes=0
2026-08-12 12:37:03.104: [INFO] BookmarksSnapshot Startup total=0 bar=0 other=0 mobile=0 showBar=0 showBarNTP=1
2026-08-12 20:11:05.992: [INFO] CurrentProfilePath: D:\Projects\TMSL\spring\Project for sure\.metadata\.plugins\org.eclipse.swt\EBWebView\Default
2026-08-12 20:11:05.992: [INFO] Profiles total count: 1
2026-08-12 20:11:05.992: [INFO] Profile: name=Profile 1 path=D:\Projects\TMSL\spring\Project for sure\.metadata\.plugins\org.eclipse.swt\EBWebView\Default lastActive=2026-08-05T15:30:23.224Z
2026-08-12 20:11:05.992: [INFO] LastUsedProfileDir: D:\Projects\TMSL\spring\Project for sure\.metadata\.plugins\org.eclipse.swt\EBWebView\Default
2026-08-12 20:11:05.992: [INFO] MostRecentlyActiveProfile: name=Profile 1 path=D:\Projects\TMSL\spring\Project for sure\.metadata\.plugins\org.eclipse.swt\EBWebView\Default lastActive=2026-08-05T15:30:23.224Z
2026-08-12 20:11:05.992: [INFO] OnDoneLoading sync enabled: 0
2026-08-12 20:11:05.992: [INFO] BookmarkModelLoaded, ids_reassigned: 0
2026-08-12 20:11:05.992: [INFO] BookmarksLoadDropped droppedNodes=0
2026-08-12 20:11:05.992: [INFO] BookmarksSnapshot Startup total=0 bar=0 other=0 mobile=0 showBar=0 showBarNTP=1
2026-08-12 21:44:04.689: [INFO] BookmarksSnapshot Shutdown total=0 bar=0 other=0 mobile=0 showBar=0 showBarNTP=1
2026-08-13 04:59:51.833: [INFO] CurrentProfilePath: D:\Projects\TMSL\spring\Project for sure\.metadata\.plugins\org.eclipse.swt\EBWebView\Default
2026-08-13 04:59:51.833: [INFO] Profiles total count: 1
2026-08-13 04:59:51.834: [INFO] Profile: name=Profile 1 path=D:\Projects\TMSL\spring\Project for sure\.metadata\.plugins\org.eclipse.swt\EBWebView\Default lastActive=2026-08-05T15:30:23.224Z
2026-08-13 04:59:51.834: [INFO] LastUsedProfileDir: D:\Projects\TMSL\spring\Project for sure\.metadata\.plugins\org.eclipse.swt\EBWebView\Default
2026-08-13 04:59:51.834: [INFO] MostRecentlyActiveProfile: name=Profile 1 path=D:\Projects\TMSL\spring\Project for sure\.metadata\.plugins\org.eclipse.swt\EBWebView\Default lastActive=2026-08-05T15:30:23.224Z
2026-08-13 04:59:51.834: [INFO] OnDoneLoading sync enabled: 0
2026-08-13 04:59:51.834: [INFO] BookmarkModelLoaded, ids_reassigned: 0
2026-08-13 04:59:51.834: [INFO] BookmarksLoadDropped droppedNodes=0
2026-08-13 04:59:51.834: [INFO] BookmarksSnapshot Startup total=0 bar=0 other=0 mobile=0 showBar=0 showBarNTP=1
2026-08-13 05:02:21.165: [INFO] BookmarksSnapshot Shutdown total=0 bar=0 other=0 mobile=0 showBar=0 showBarNTP=1
2026-08-13 06:02:20.464: [INFO] CurrentProfilePath: D:\Projects\TMSL\spring\Project for sure\.metadata\.plugins\org.eclipse.swt\EBWebView\Default
2026-08-13 06:02:20.464: [INFO] Profiles total count: 1
2026-08-13 06:02:20.464: [INFO] Profile: name=Profile 1 path=D:\Projects\TMSL\spring\Project for sure\.metadata\.plugins\org.eclipse.swt\EBWebView\Default lastActive=2026-08-05T15:30:23.224Z
2026-08-13 06:02:20.464: [INFO] LastUsedProfileDir: D:\Projects\TMSL\spring\Project for sure\.metadata\.plugins\org.eclipse.swt\EBWebView\Default
2026-08-13 06:02:20.464: [INFO] MostRecentlyActiveProfile: name=Profile 1 path=D:\Projects\TMSL\spring\Project for sure\.metadata\.plugins\org.eclipse.swt\EBWebView\Default lastActive=2026-08-05T15:30:23.224Z
2026-08-13 06:02:20.464: [INFO] OnDoneLoading sync enabled: 0
2026-08-13 06:02:20.464: [INFO] BookmarkModelLoaded, ids_reassigned: 0
2026-08-13 06:02:20.464: [INFO] BookmarksLoadDropped droppedNodes=0
2026-08-13 06:02:20.464: [INFO] BookmarksSnapshot Startup total=0 bar=0 other=0 mobile=0 showBar=0 showBarNTP=1
2026-08-13 09:50:40.826: [INFO] BookmarksSnapshot Shutdown total=0 bar=0 other=0 mobile=0 showBar=0 showBarNTP=1
2026-08-13 14:16:47.294: [INFO] CurrentProfilePath: D:\Projects\TMSL\spring\Project for sure\.metadata\.plugins\org.eclipse.swt\EBWebView\Default
2026-08-13 14:16:47.294: [INFO] Profiles total count: 1
2026-08-13 14:16:47.294: [INFO] Profile: name=Profile 1 path=D:\Projects\TMSL\spring\Project for sure\.metadata\.plugins\org.eclipse.swt\EBWebView\Default lastActive=2026-08-05T15:30:23.224Z
2026-08-13 14:16:47.294: [INFO] LastUsedProfileDir: D:\Projects\TMSL\spring\Project for sure\.metadata\.plugins\org.eclipse.swt\EBWebView\Default
2026-08-13 14:16:47.294: [INFO] MostRecentlyActiveProfile: name=Profile 1 path=D:\Projects\TMSL\spring\Project for sure\.metadata\.plugins\org.eclipse.swt\EBWebView\Default lastActive=2026-08-05T15:30:23.224Z
2026-08-13 14:16:47.294: [INFO] OnDoneLoading sync enabled: 0
2026-08-13 14:16:47.294: [INFO] BookmarkModelLoaded, ids_reassigned: 0
2026-08-13 14:16:47.294: [INFO] BookmarksLoadDropped droppedNodes=0
2026-08-13 14:16:47.294: [INFO] BookmarksSnapshot Startup total=0 bar=0 other=0 mobile=0 showBar=0 showBarNTP=1
2026-08-13 18:33:46.084: [INFO] CurrentProfilePath: D:\Projects\TMSL\spring\Project for sure\.metadata\.plugins\org.eclipse.swt\EBWebView\Default
2026-08-13 18:33:46.084: [INFO] Profiles total count: 1
2026-08-13 18:33:46.085: [INFO] Profile: name=Profile 1 path=D:\Projects\TMSL\spring\Project for sure\.metadata\.plugins\org.eclipse.swt\EBWebView\Default lastActive=2026-08-05T15:30:23.224Z
2026-08-13 18:33:46.085: [INFO] LastUsedProfileDir: D:\Projects\TMSL\spring\Project for sure\.metadata\.plugins\org.eclipse.swt\EBWebView\Default
2026-08-13 18:33:46.085: [INFO] MostRecentlyActiveProfile: name=Profile 1 path=D:\Projects\TMSL\spring\Project for sure\.metadata\.plugins\org.eclipse.swt\EBWebView\Default lastActive=2026-08-05T15:30:23.224Z
2026-08-13 18:33:46.085: [INFO] OnDoneLoading sync enabled: 0
2026-08-13 18:33:46.085: [INFO] BookmarkModelLoaded, ids_reassigned: 0
2026-08-13 18:33:46.085: [INFO] BookmarksLoadDropped droppedNodes=0
2026-08-13 18:33:46.085: [INFO] BookmarksSnapshot Startup total=0 bar=0 other=0 mobile=0 showBar=0 showBarNTP=1
2026-08-13 20:42:28.408: [INFO] BookmarksSnapshot Shutdown total=0 bar=0 other=0 mobile=0 showBar=0 showBarNTP=1
